// Jest Snapshot v1, https://goo.gl/fbAQLP

exports[`AccountForm renders successfully 1`] = `null`;
