// Jest Snapshot v1, https://goo.gl/fbAQLP

exports[`Account renders successfully 1`] = `""`;
