// Jest Snapshot v1, https://goo.gl/fbAQLP

exports[`Home renders successfully. 1`] = `
<div
  className="hi"
>
  <h1>
     Welcome to SimTrek!
  </h1>
</div>
`;
