// Jest Snapshot v1, https://goo.gl/fbAQLP

exports[`NavSearch renders successfully. 1`] = `
<div
  class="rowC"
>
  <div
    id="container"
    style="width:200px"
  >
    <div
      class=" css-2b097c-container"
    >
      <div
        class=" css-1586ewl-control"
      >
        <div
          class=" css-g1d714-ValueContainer"
        >
          <div
            class=" css-dzw6ua-placeholder"
          >
            Search...
          </div>
          <div
            class="css-ybs8ec-Input"
          >
            <div
              class=""
              style="display:inline-block"
            >
              <input
                aria-autocomplete="list"
                autocapitalize="none"
                autocomplete="off"
                autocorrect="off"
                id="react-select-2-input"
                spellcheck="false"
                style="box-sizing:content-box;width:1px;label:input;background:0;border:0;font-size:inherit;opacity:1;outline:0;padding:0;color:inherit"
                tabindex="0"
                type="text"
                value=""
              />
              <div
                style="position:absolute;top:0;left:0;visibility:hidden;height:0;overflow:scroll;white-space:pre"
              />
            </div>
          </div>
        </div>
        <div
          class=" css-1hb7zxy-IndicatorsContainer"
        >
          <span
            class=" css-bqiiy2-indicatorSeparator"
          />
          <div
            aria-hidden="true"
            class=" css-kaqmzc-indicatorContainer"
          >
            <svg
              aria-hidden="true"
              class="css-6q0nyr-Svg"
              focusable="false"
              height="20"
              viewBox="0 0 20 20"
              width="20"
            >
              <path
                d="M4.516 7.548c0.436-0.446 1.043-0.481 1.576 0l3.908 3.747 3.908-3.747c0.533-0.481 1.141-0.446 1.574 0 0.436 0.445 0.408 1.197 0 1.615-0.406 0.418-4.695 4.502-4.695 4.502-0.217 0.223-0.502 0.335-0.787 0.335s-0.57-0.112-0.789-0.335c0 0-4.287-4.084-4.695-4.502s-0.436-1.17 0-1.615z"
              />
            </svg>
          </div>
        </div>
      </div>
    </div>
  </div>
  <a
    href="#/TourPage/undefined"
    style="color:inherit"
  >
    <button
      class="MuiButtonBase-root MuiButton-root MuiButton-text"
      style="flex:1"
      tabindex="0"
      type="button"
    >
      <span
        class="MuiButton-label"
      >
        GO
      </span>
    </button>
  </a>
</div>
`;
