// Jest Snapshot v1, https://goo.gl/fbAQLP

exports[`RateSystem renders successfully. 1`] = `
<div>
  <button
    disabled={true}
    id="likeButton"
    onClick={[Function]}
  >
    <div>
      <b>
        Like!
      </b>
       : 
      0
    </div>
  </button>
</div>
`;
