// Jest Snapshot v1, https://goo.gl/fbAQLP

exports[`SignUp renders successfully 1`] = `null`;
